// Jest Snapshot v1, https://goo.gl/fbAQLP

exports[`renders correctly 1`] = `
<View
  accessible={true}
  collapsable={false}
  focusable={true}
  onClick={[Function]}
  onResponderGrant={[Function]}
  onResponderMove={[Function]}
  onResponderRelease={[Function]}
  onResponderTerminate={[Function]}
  onResponderTerminationRequest={[Function]}
  onStartShouldSetResponder={[Function]}
  style={
    {
      "alignItems": "center",
      "backgroundColor": "violet",
      "borderRadius": 6,
      "flex": 1,
      "justifyContent": "center",
      "maxHeight": 80,
      "maxWidth": 160,
      "opacity": 1,
      "paddingHorizontal": 20,
      "paddingVertical": 20,
    }
  }
>
  <Text
    style={
      [
        {
          "color": "#000",
        },
        [
          {
            "fontSize": 18,
            "letterSpacing": 1.25,
            "textTransform": "uppercase",
          },
          {
            "fontFamily": "space-mono",
          },
        ],
      ]
    }
  >
    click me
  </Text>
</View>
`;
